/Users/davidgong/STM32Cube/Repository/STM32Cube_FW_WB_V1.22.1/Drivers/STM32WBxx_HAL_Driver/Inc/stm32wbxx_ll_pwr.h:1663:22:LL_C2_PWR_SetPowerMode	16	static
/Users/davidgong/STM32Cube/Repository/STM32Cube_FW_WB_V1.22.1/Drivers/STM32WBxx_HAL_Driver/Inc/stm32wbxx_ll_exti.h:391:22:LL_EXTI_EnableIT_32_63	16	static
/Users/davidgong/STM32Cube/Repository/STM32Cube_FW_WB_V1.22.1/Drivers/STM32WBxx_HAL_Driver/Inc/stm32wbxx_ll_rcc.h:1359:22:LL_RCC_HSE_SetCapacitorTuning	16	static
/Users/davidgong/STM32Cube/Repository/STM32Cube_FW_WB_V1.22.1/Drivers/STM32WBxx_HAL_Driver/Inc/stm32wbxx_ll_rcc.h:2349:22:LL_RCC_SetClkAfterWakeFromStop	16	static
/Users/davidgong/STM32Cube/Repository/STM32Cube_FW_WB_V1.22.1/Drivers/STM32WBxx_HAL_Driver/Inc/stm32wbxx_ll_system.h:1513:26:LL_DBGMCU_GetDeviceID	4	static
/Users/davidgong/STM32Cube/Repository/STM32Cube_FW_WB_V1.22.1/Drivers/STM32WBxx_HAL_Driver/Inc/stm32wbxx_ll_system.h:1524:26:LL_DBGMCU_GetRevisionID	4	static
/Users/davidgong/STM32Cube/Repository/STM32Cube_FW_WB_V1.22.1/Drivers/STM32WBxx_HAL_Driver/Inc/stm32wbxx_ll_cortex.h:311:22:LL_LPM_EnableSleep	4	static
/Users/davidgong/STM32Cube/Repository/STM32Cube_FW_WB_V1.22.1/Drivers/STM32WBxx_HAL_Driver/Inc/stm32wbxx_ll_rtc.h:1012:22:LL_RTC_EnableWriteProtection	16	static
/Users/davidgong/STM32Cube/Repository/STM32Cube_FW_WB_V1.22.1/Drivers/STM32WBxx_HAL_Driver/Inc/stm32wbxx_ll_rtc.h:1023:22:LL_RTC_DisableWriteProtection	16	static
/Users/davidgong/STM32Cube/Repository/STM32Cube_FW_WB_V1.22.1/Drivers/STM32WBxx_HAL_Driver/Inc/stm32wbxx_ll_rtc.h:2927:22:LL_RTC_WAKEUP_SetClock	16	static
../Core/Src/app_entry.c:91:6:MX_APPE_Config	8	static
../Core/Src/app_entry.c:111:6:MX_APPE_Init	8	static
../Core/Src/app_entry.c:137:6:Init_Smps	4	static
../Core/Src/app_entry.c:155:6:Init_Exti	8	static
../Core/Src/app_entry.c:172:13:Reset_Device	4	static
../Core/Src/app_entry.c:241:13:Config_HSE	16	static
../Core/Src/app_entry.c:257:13:System_Init	8	static
../Core/Src/app_entry.c:268:13:Init_Rtc	8	static
../Core/Src/app_entry.c:289:13:SystemPower_Config	8	static
../Core/Src/app_entry.c:311:13:appe_Tl_Init	40	static
../Core/Src/app_entry.c:336:13:APPE_SysStatusNot	16	static
../Core/Src/app_entry.c:351:13:APPE_SysUserEvtRx	40	static
../Core/Src/app_entry.c:414:13:APPE_SysEvtError	24	static
../Core/Src/app_entry.c:436:13:APPE_SysEvtReadyProcessing	48	static
../Core/Src/app_entry.c:517:6:HAL_Delay	24	static,ignoring_inline_asm
../Core/Src/app_entry.c:546:6:MX_APPE_Process	8	static
../Core/Src/app_entry.c:557:6:UTIL_SEQ_Idle	4	static
../Core/Src/app_entry.c:565:6:shci_notify_asynch_evt	16	static
../Core/Src/app_entry.c:571:6:shci_cmd_resp_release	16	static
../Core/Src/app_entry.c:577:6:shci_cmd_resp_wait	16	static
