/Users/davidgong/STM32Cube/Repository/STM32Cube_FW_WB_V1.22.1/Drivers/STM32WBxx_HAL_Driver/Inc/stm32wbxx_ll_rcc.h:2883:22:LL_RCC_EnableRTC	4	static
/Users/davidgong/STM32Cube/Repository/STM32Cube_FW_WB_V1.22.1/Drivers/STM32WBxx_HAL_Driver/Inc/stm32wbxx_ll_rcc.h:2893:22:LL_RCC_DisableRTC	4	static
/Users/davidgong/STM32Cube/Repository/STM32Cube_FW_WB_V1.22.1/Drivers/STM32WBxx_HAL_Driver/Inc/stm32wbxx_ll_bus.h:539:22:LL_AHB2_GRP1_EnableClock	24	static
/Users/davidgong/STM32Cube/Repository/STM32Cube_FW_WB_V1.22.1/Drivers/STM32WBxx_HAL_Driver/Inc/stm32wbxx_ll_bus.h:597:22:LL_AHB2_GRP1_DisableClock	16	static
/Users/davidgong/STM32Cube/Repository/STM32Cube_FW_WB_V1.22.1/Drivers/STM32WBxx_HAL_Driver/Inc/stm32wbxx_ll_bus.h:744:22:LL_AHB3_GRP1_EnableClock	24	static
/Users/davidgong/STM32Cube/Repository/STM32Cube_FW_WB_V1.22.1/Drivers/STM32WBxx_HAL_Driver/Inc/stm32wbxx_ll_bus.h:798:22:LL_AHB3_GRP1_DisableClock	16	static
/Users/davidgong/STM32Cube/Repository/STM32Cube_FW_WB_V1.22.1/Drivers/STM32WBxx_HAL_Driver/Inc/stm32wbxx_ll_bus.h:939:22:LL_APB1_GRP1_EnableClock	24	static
/Users/davidgong/STM32Cube/Repository/STM32Cube_FW_WB_V1.22.1/Drivers/STM32WBxx_HAL_Driver/Inc/stm32wbxx_ll_bus.h:958:22:LL_APB1_GRP2_EnableClock	24	static
/Users/davidgong/STM32Cube/Repository/STM32Cube_FW_WB_V1.22.1/Drivers/STM32WBxx_HAL_Driver/Inc/stm32wbxx_ll_bus.h:1038:22:LL_APB1_GRP1_DisableClock	16	static
/Users/davidgong/STM32Cube/Repository/STM32Cube_FW_WB_V1.22.1/Drivers/STM32WBxx_HAL_Driver/Inc/stm32wbxx_ll_bus.h:1053:22:LL_APB1_GRP2_DisableClock	16	static
/Users/davidgong/STM32Cube/Repository/STM32Cube_FW_WB_V1.22.1/Drivers/STM32WBxx_HAL_Driver/Inc/stm32wbxx_ll_bus.h:1274:22:LL_APB2_GRP1_EnableClock	24	static
/Users/davidgong/STM32Cube/Repository/STM32Cube_FW_WB_V1.22.1/Drivers/STM32WBxx_HAL_Driver/Inc/stm32wbxx_ll_bus.h:1328:22:LL_APB2_GRP1_DisableClock	16	static
../Core/Src/stm32wbxx_hal_msp.c:64:6:HAL_MspInit	8	static
../Core/Src/stm32wbxx_hal_msp.c:91:6:HAL_ADC_MspInit	40	static
../Core/Src/stm32wbxx_hal_msp.c:125:6:HAL_ADC_MspDeInit	16	static
../Core/Src/stm32wbxx_hal_msp.c:153:6:HAL_IPCC_MspInit	16	static
../Core/Src/stm32wbxx_hal_msp.c:181:6:HAL_IPCC_MspDeInit	16	static
../Core/Src/stm32wbxx_hal_msp.c:207:6:HAL_UART_MspInit	120	static
../Core/Src/stm32wbxx_hal_msp.c:284:6:HAL_UART_MspDeInit	16	static
../Core/Src/stm32wbxx_hal_msp.c:320:6:HAL_QSPI_MspInit	40	static
../Core/Src/stm32wbxx_hal_msp.c:367:6:HAL_QSPI_MspDeInit	16	static
../Core/Src/stm32wbxx_hal_msp.c:400:6:HAL_RTC_MspInit	96	static
../Core/Src/stm32wbxx_hal_msp.c:438:6:HAL_RTC_MspDeInit	16	static
../Core/Src/stm32wbxx_hal_msp.c:464:6:HAL_SPI_MspInit	40	static
../Core/Src/stm32wbxx_hal_msp.c:502:6:HAL_SPI_MspDeInit	16	static
../Core/Src/stm32wbxx_hal_msp.c:530:6:HAL_SAI_MspInit	40	static
../Core/Src/stm32wbxx_hal_msp.c:580:6:HAL_SAI_MspDeInit	16	static
